// Jest Snapshot v1, https://goo.gl/fbAQLP

exports[`App App component Should match the snapshot 1`] = `
ShallowWrapper {
  Symbol(enzyme.__root__): [Circular],
  Symbol(enzyme.__unrendered__): <withRouter(Connect(App))
    breadRecipes={
      Array [
        Object {
          "category": "bread",
          "image": "https://image.png",
          "ingredientLines": Array [],
          "label": "Spaghetti and meatballs",
        },
      ]
    }
    pastaRecipes={
      Array [
        Object {
          "category": "bread",
          "image": "https://image.png",
          "ingredientLines": Array [],
          "label": "Spaghetti and meatballs",
        },
      ]
    }
    potatoRecipes={
      Array [
        Object {
          "category": "bread",
          "image": "https://image.png",
          "ingredientLines": Array [],
          "label": "Spaghetti and meatballs",
        },
      ]
    }
  />,
  Symbol(enzyme.__renderer__): Object {
    "batchedUpdates": [Function],
    "getNode": [Function],
    "render": [Function],
    "simulateError": [Function],
    "simulateEvent": [Function],
    "unmount": [Function],
  },
  Symbol(enzyme.__node__): Object {
    "instance": null,
    "key": undefined,
    "nodeType": "class",
    "props": Object {
      "children": [Function],
    },
    "ref": null,
    "rendered": [Function],
    "type": [Function],
  },
  Symbol(enzyme.__nodes__): Array [
    Object {
      "instance": null,
      "key": undefined,
      "nodeType": "class",
      "props": Object {
        "children": [Function],
      },
      "ref": null,
      "rendered": [Function],
      "type": [Function],
    },
  ],
  Symbol(enzyme.__options__): Object {
    "adapter": ReactSixteenAdapter {
      "options": Object {
        "enableComponentDidUpdateOnSetState": true,
        "lifecycles": Object {
          "componentDidUpdate": Object {
            "onSetState": true,
          },
          "getDerivedStateFromProps": true,
          "getSnapshotBeforeUpdate": true,
          "setState": Object {
            "skipsComponentDidUpdateOnNullish": true,
          },
        },
      },
    },
  },
}
`;
